// Jest Snapshot v1, https://goo.gl/fbAQLP

exports[`Pagination Match snapshot 1`] = `
<DocumentFragment>
  <div
    class="sc-gswNZR kvDuoZ"
  >
    <button
      class="sc-bcXHqe bVEkev"
      data-testid="increase"
    >
      &lt;
    </button>
    <h3
      data-testid="page"
    >
      1
    </h3>
    <button
      class="sc-bcXHqe bVEkev"
      data-testid="decrease"
    >
      &gt;
    </button>
  </div>
</DocumentFragment>
`;
